------------------------------------------------------------
Timing Analyzer Summary
------------------------------------------------------------

Type  : Slow 1200mV 85C Model Setup 'clk'
Slack : -6.552
TNS   : -528.583

Type  : Slow 1200mV 85C Model Setup 'LCD:mod_lcd|FSM_LCD:fsm|current_state.ReturnHome4'
Slack : -6.338
TNS   : -6.338

Type  : Slow 1200mV 85C Model Setup 'Punto_B:Parte_B|FSM_Memoria:FSM|current_state.memoria'
Slack : -4.728
TNS   : -31.567

Type  : Slow 1200mV 85C Model Setup 'LCD:mod_lcd|FSM_LCD:fsm|e'
Slack : -4.484
TNS   : -35.800

Type  : Slow 1200mV 85C Model Setup 'clk_select[0]'
Slack : -4.232
TNS   : -97.959

Type  : Slow 1200mV 85C Model Setup 'Punto_B:Parte_B|FSM_Memoria:FSM|current_state.contador'
Slack : -3.646
TNS   : -47.136

Type  : Slow 1200mV 85C Model Hold 'clk_select[0]'
Slack : -0.005
TNS   : -0.005

Type  : Slow 1200mV 85C Model Hold 'LCD:mod_lcd|FSM_LCD:fsm|current_state.ReturnHome4'
Slack : 0.172
TNS   : 0.000

Type  : Slow 1200mV 85C Model Hold 'clk'
Slack : 0.452
TNS   : 0.000

Type  : Slow 1200mV 85C Model Hold 'LCD:mod_lcd|FSM_LCD:fsm|e'
Slack : 0.453
TNS   : 0.000

Type  : Slow 1200mV 85C Model Hold 'Punto_B:Parte_B|FSM_Memoria:FSM|current_state.contador'
Slack : 0.776
TNS   : 0.000

Type  : Slow 1200mV 85C Model Hold 'Punto_B:Parte_B|FSM_Memoria:FSM|current_state.memoria'
Slack : 2.446
TNS   : 0.000

Type  : Slow 1200mV 85C Model Recovery 'Punto_B:Parte_B|FSM_Memoria:FSM|current_state.contador'
Slack : -5.265
TNS   : -70.756

Type  : Slow 1200mV 85C Model Recovery 'clk'
Slack : -3.302
TNS   : -90.908

Type  : Slow 1200mV 85C Model Recovery 'clk_select[0]'
Slack : -1.755
TNS   : -20.741

Type  : Slow 1200mV 85C Model Removal 'clk'
Slack : 0.770
TNS   : 0.000

Type  : Slow 1200mV 85C Model Removal 'clk_select[0]'
Slack : 1.352
TNS   : 0.000

Type  : Slow 1200mV 85C Model Removal 'Punto_B:Parte_B|FSM_Memoria:FSM|current_state.contador'
Slack : 5.033
TNS   : 0.000

Type  : Slow 1200mV 85C Model Minimum Pulse Width 'clk'
Slack : -3.000
TNS   : -306.348

Type  : Slow 1200mV 85C Model Minimum Pulse Width 'clk_select[0]'
Slack : -3.000
TNS   : -105.371

Type  : Slow 1200mV 85C Model Minimum Pulse Width 'LCD:mod_lcd|FSM_LCD:fsm|e'
Slack : -1.487
TNS   : -69.889

Type  : Slow 1200mV 85C Model Minimum Pulse Width 'Punto_B:Parte_B|FSM_Memoria:FSM|current_state.contador'
Slack : -1.487
TNS   : -20.818

Type  : Slow 1200mV 85C Model Minimum Pulse Width 'Punto_B:Parte_B|FSM_Memoria:FSM|current_state.memoria'
Slack : -1.487
TNS   : -11.896

Type  : Slow 1200mV 85C Model Minimum Pulse Width 'LCD:mod_lcd|FSM_LCD:fsm|current_state.ReturnHome4'
Slack : 0.463
TNS   : 0.000

Type  : Slow 1200mV 0C Model Setup 'clk'
Slack : -6.138
TNS   : -478.483

Type  : Slow 1200mV 0C Model Setup 'LCD:mod_lcd|FSM_LCD:fsm|current_state.ReturnHome4'
Slack : -6.047
TNS   : -6.047

Type  : Slow 1200mV 0C Model Setup 'Punto_B:Parte_B|FSM_Memoria:FSM|current_state.memoria'
Slack : -4.461
TNS   : -29.611

Type  : Slow 1200mV 0C Model Setup 'LCD:mod_lcd|FSM_LCD:fsm|e'
Slack : -4.260
TNS   : -31.427

Type  : Slow 1200mV 0C Model Setup 'clk_select[0]'
Slack : -4.015
TNS   : -88.169

Type  : Slow 1200mV 0C Model Setup 'Punto_B:Parte_B|FSM_Memoria:FSM|current_state.contador'
Slack : -3.367
TNS   : -42.771

Type  : Slow 1200mV 0C Model Hold 'clk_select[0]'
Slack : -0.407
TNS   : -0.634

Type  : Slow 1200mV 0C Model Hold 'LCD:mod_lcd|FSM_LCD:fsm|current_state.ReturnHome4'
Slack : 0.154
TNS   : 0.000

Type  : Slow 1200mV 0C Model Hold 'LCD:mod_lcd|FSM_LCD:fsm|e'
Slack : 0.401
TNS   : 0.000

Type  : Slow 1200mV 0C Model Hold 'clk'
Slack : 0.401
TNS   : 0.000

Type  : Slow 1200mV 0C Model Hold 'Punto_B:Parte_B|FSM_Memoria:FSM|current_state.contador'
Slack : 0.720
TNS   : 0.000

Type  : Slow 1200mV 0C Model Hold 'Punto_B:Parte_B|FSM_Memoria:FSM|current_state.memoria'
Slack : 2.348
TNS   : 0.000

Type  : Slow 1200mV 0C Model Recovery 'Punto_B:Parte_B|FSM_Memoria:FSM|current_state.contador'
Slack : -4.929
TNS   : -65.723

Type  : Slow 1200mV 0C Model Recovery 'clk'
Slack : -3.008
TNS   : -82.728

Type  : Slow 1200mV 0C Model Recovery 'clk_select[0]'
Slack : -1.548
TNS   : -17.794

Type  : Slow 1200mV 0C Model Removal 'clk'
Slack : 0.718
TNS   : 0.000

Type  : Slow 1200mV 0C Model Removal 'clk_select[0]'
Slack : 1.209
TNS   : 0.000

Type  : Slow 1200mV 0C Model Removal 'Punto_B:Parte_B|FSM_Memoria:FSM|current_state.contador'
Slack : 4.755
TNS   : 0.000

Type  : Slow 1200mV 0C Model Minimum Pulse Width 'clk'
Slack : -3.000
TNS   : -306.348

Type  : Slow 1200mV 0C Model Minimum Pulse Width 'clk_select[0]'
Slack : -3.000
TNS   : -135.515

Type  : Slow 1200mV 0C Model Minimum Pulse Width 'LCD:mod_lcd|FSM_LCD:fsm|e'
Slack : -1.487
TNS   : -69.889

Type  : Slow 1200mV 0C Model Minimum Pulse Width 'Punto_B:Parte_B|FSM_Memoria:FSM|current_state.contador'
Slack : -1.487
TNS   : -21.660

Type  : Slow 1200mV 0C Model Minimum Pulse Width 'Punto_B:Parte_B|FSM_Memoria:FSM|current_state.memoria'
Slack : -1.487
TNS   : -11.896

Type  : Slow 1200mV 0C Model Minimum Pulse Width 'LCD:mod_lcd|FSM_LCD:fsm|current_state.ReturnHome4'
Slack : 0.385
TNS   : 0.000

Type  : Fast 1200mV 0C Model Setup 'LCD:mod_lcd|FSM_LCD:fsm|current_state.ReturnHome4'
Slack : -2.286
TNS   : -2.286

Type  : Fast 1200mV 0C Model Setup 'clk'
Slack : -2.138
TNS   : -109.282

Type  : Fast 1200mV 0C Model Setup 'Punto_B:Parte_B|FSM_Memoria:FSM|current_state.memoria'
Slack : -1.400
TNS   : -8.560

Type  : Fast 1200mV 0C Model Setup 'clk_select[0]'
Slack : -1.355
TNS   : -15.183

Type  : Fast 1200mV 0C Model Setup 'LCD:mod_lcd|FSM_LCD:fsm|e'
Slack : -1.185
TNS   : -4.700

Type  : Fast 1200mV 0C Model Setup 'Punto_B:Parte_B|FSM_Memoria:FSM|current_state.contador'
Slack : -0.980
TNS   : -12.199

Type  : Fast 1200mV 0C Model Hold 'LCD:mod_lcd|FSM_LCD:fsm|current_state.ReturnHome4'
Slack : 0.069
TNS   : 0.000

Type  : Fast 1200mV 0C Model Hold 'LCD:mod_lcd|FSM_LCD:fsm|e'
Slack : 0.106
TNS   : 0.000

Type  : Fast 1200mV 0C Model Hold 'clk_select[0]'
Slack : 0.152
TNS   : 0.000

Type  : Fast 1200mV 0C Model Hold 'clk'
Slack : 0.186
TNS   : 0.000

Type  : Fast 1200mV 0C Model Hold 'Punto_B:Parte_B|FSM_Memoria:FSM|current_state.contador'
Slack : 0.312
TNS   : 0.000

Type  : Fast 1200mV 0C Model Hold 'Punto_B:Parte_B|FSM_Memoria:FSM|current_state.memoria'
Slack : 0.975
TNS   : 0.000

Type  : Fast 1200mV 0C Model Recovery 'Punto_B:Parte_B|FSM_Memoria:FSM|current_state.contador'
Slack : -1.693
TNS   : -22.158

Type  : Fast 1200mV 0C Model Recovery 'clk'
Slack : -0.833
TNS   : -22.559

Type  : Fast 1200mV 0C Model Recovery 'clk_select[0]'
Slack : -0.168
TNS   : -0.912

Type  : Fast 1200mV 0C Model Removal 'clk'
Slack : 0.263
TNS   : 0.000

Type  : Fast 1200mV 0C Model Removal 'clk_select[0]'
Slack : 0.559
TNS   : 0.000

Type  : Fast 1200mV 0C Model Removal 'Punto_B:Parte_B|FSM_Memoria:FSM|current_state.contador'
Slack : 2.068
TNS   : 0.000

Type  : Fast 1200mV 0C Model Minimum Pulse Width 'clk'
Slack : -3.000
TNS   : -219.945

Type  : Fast 1200mV 0C Model Minimum Pulse Width 'clk_select[0]'
Slack : -3.000
TNS   : -96.381

Type  : Fast 1200mV 0C Model Minimum Pulse Width 'LCD:mod_lcd|FSM_LCD:fsm|e'
Slack : -1.000
TNS   : -47.000

Type  : Fast 1200mV 0C Model Minimum Pulse Width 'Punto_B:Parte_B|FSM_Memoria:FSM|current_state.contador'
Slack : -1.000
TNS   : -14.000

Type  : Fast 1200mV 0C Model Minimum Pulse Width 'Punto_B:Parte_B|FSM_Memoria:FSM|current_state.memoria'
Slack : -1.000
TNS   : -8.000

Type  : Fast 1200mV 0C Model Minimum Pulse Width 'LCD:mod_lcd|FSM_LCD:fsm|current_state.ReturnHome4'
Slack : 0.392
TNS   : 0.000

------------------------------------------------------------
