------------------------------------------------------------
Timing Analyzer Summary
------------------------------------------------------------

Type  : Slow 1200mV 85C Model Setup 'clk'
Slack : -6.027
TNS   : -112.345

Type  : Slow 1200mV 85C Model Setup 'FSM_LCD:fsm|e'
Slack : -2.364
TNS   : -25.796

Type  : Slow 1200mV 85C Model Setup 'entradas[0]'
Slack : -2.226
TNS   : -2.226

Type  : Slow 1200mV 85C Model Hold 'FSM_LCD:fsm|e'
Slack : 0.453
TNS   : 0.000

Type  : Slow 1200mV 85C Model Hold 'clk'
Slack : 0.453
TNS   : 0.000

Type  : Slow 1200mV 85C Model Hold 'entradas[0]'
Slack : 1.069
TNS   : 0.000

Type  : Slow 1200mV 85C Model Recovery 'clk'
Slack : -2.444
TNS   : -63.771

Type  : Slow 1200mV 85C Model Removal 'clk'
Slack : 1.183
TNS   : 0.000

Type  : Slow 1200mV 85C Model Minimum Pulse Width 'clk'
Slack : -3.000
TNS   : -71.402

Type  : Slow 1200mV 85C Model Minimum Pulse Width 'entradas[0]'
Slack : -3.000
TNS   : -3.000

Type  : Slow 1200mV 85C Model Minimum Pulse Width 'FSM_LCD:fsm|e'
Slack : -1.487
TNS   : -69.889

Type  : Slow 1200mV 0C Model Setup 'clk'
Slack : -5.528
TNS   : -97.854

Type  : Slow 1200mV 0C Model Setup 'FSM_LCD:fsm|e'
Slack : -2.337
TNS   : -22.057

Type  : Slow 1200mV 0C Model Setup 'entradas[0]'
Slack : -2.110
TNS   : -2.110

Type  : Slow 1200mV 0C Model Hold 'FSM_LCD:fsm|e'
Slack : 0.402
TNS   : 0.000

Type  : Slow 1200mV 0C Model Hold 'clk'
Slack : 0.402
TNS   : 0.000

Type  : Slow 1200mV 0C Model Hold 'entradas[0]'
Slack : 0.990
TNS   : 0.000

Type  : Slow 1200mV 0C Model Recovery 'clk'
Slack : -2.187
TNS   : -56.518

Type  : Slow 1200mV 0C Model Removal 'clk'
Slack : 1.130
TNS   : 0.000

Type  : Slow 1200mV 0C Model Minimum Pulse Width 'clk'
Slack : -3.000
TNS   : -71.402

Type  : Slow 1200mV 0C Model Minimum Pulse Width 'entradas[0]'
Slack : -3.000
TNS   : -3.000

Type  : Slow 1200mV 0C Model Minimum Pulse Width 'FSM_LCD:fsm|e'
Slack : -1.487
TNS   : -69.912

Type  : Fast 1200mV 0C Model Setup 'clk'
Slack : -2.000
TNS   : -23.844

Type  : Fast 1200mV 0C Model Setup 'FSM_LCD:fsm|e'
Slack : -1.035
TNS   : -4.264

Type  : Fast 1200mV 0C Model Setup 'entradas[0]'
Slack : -0.962
TNS   : -0.962

Type  : Fast 1200mV 0C Model Hold 'FSM_LCD:fsm|e'
Slack : 0.106
TNS   : 0.000

Type  : Fast 1200mV 0C Model Hold 'clk'
Slack : 0.186
TNS   : 0.000

Type  : Fast 1200mV 0C Model Hold 'entradas[0]'
Slack : 0.242
TNS   : 0.000

Type  : Fast 1200mV 0C Model Recovery 'clk'
Slack : -0.435
TNS   : -10.408

Type  : Fast 1200mV 0C Model Removal 'clk'
Slack : 0.387
TNS   : 0.000

Type  : Fast 1200mV 0C Model Minimum Pulse Width 'clk'
Slack : -3.000
TNS   : -51.968

Type  : Fast 1200mV 0C Model Minimum Pulse Width 'entradas[0]'
Slack : -3.000
TNS   : -3.000

Type  : Fast 1200mV 0C Model Minimum Pulse Width 'FSM_LCD:fsm|e'
Slack : -1.000
TNS   : -47.000

------------------------------------------------------------
