------------------------------------------------------------
Timing Analyzer Summary
------------------------------------------------------------

Type  : Slow 1200mV 85C Model Setup 'FSM_Memoria:FSM|current_state.memoria'
Slack : -2.989
TNS   : -19.175

Type  : Slow 1200mV 85C Model Setup 'FSM_Memoria:FSM|current_state.contador'
Slack : -2.824
TNS   : -36.861

Type  : Slow 1200mV 85C Model Setup 'clk'
Slack : -0.900
TNS   : -5.687

Type  : Slow 1200mV 85C Model Hold 'clk'
Slack : 0.357
TNS   : 0.000

Type  : Slow 1200mV 85C Model Hold 'FSM_Memoria:FSM|current_state.contador'
Slack : 0.610
TNS   : 0.000

Type  : Slow 1200mV 85C Model Hold 'FSM_Memoria:FSM|current_state.memoria'
Slack : 1.699
TNS   : 0.000

Type  : Slow 1200mV 85C Model Recovery 'FSM_Memoria:FSM|current_state.contador'
Slack : 0.028
TNS   : 0.000

Type  : Slow 1200mV 85C Model Removal 'FSM_Memoria:FSM|current_state.contador'
Slack : 0.286
TNS   : 0.000

Type  : Slow 1200mV 85C Model Minimum Pulse Width 'clk'
Slack : -3.000
TNS   : -14.000

Type  : Slow 1200mV 85C Model Minimum Pulse Width 'FSM_Memoria:FSM|current_state.contador'
Slack : -1.000
TNS   : -14.000

Type  : Slow 1200mV 85C Model Minimum Pulse Width 'FSM_Memoria:FSM|current_state.memoria'
Slack : -1.000
TNS   : -8.000

Type  : Slow 1200mV 0C Model Setup 'FSM_Memoria:FSM|current_state.memoria'
Slack : -2.595
TNS   : -16.585

Type  : Slow 1200mV 0C Model Setup 'FSM_Memoria:FSM|current_state.contador'
Slack : -2.479
TNS   : -32.371

Type  : Slow 1200mV 0C Model Setup 'clk'
Slack : -0.685
TNS   : -4.176

Type  : Slow 1200mV 0C Model Hold 'clk'
Slack : 0.311
TNS   : 0.000

Type  : Slow 1200mV 0C Model Hold 'FSM_Memoria:FSM|current_state.contador'
Slack : 0.548
TNS   : 0.000

Type  : Slow 1200mV 0C Model Hold 'FSM_Memoria:FSM|current_state.memoria'
Slack : 1.546
TNS   : 0.000

Type  : Slow 1200mV 0C Model Recovery 'FSM_Memoria:FSM|current_state.contador'
Slack : 0.131
TNS   : 0.000

Type  : Slow 1200mV 0C Model Removal 'FSM_Memoria:FSM|current_state.contador'
Slack : 0.271
TNS   : 0.000

Type  : Slow 1200mV 0C Model Minimum Pulse Width 'clk'
Slack : -3.000
TNS   : -14.000

Type  : Slow 1200mV 0C Model Minimum Pulse Width 'FSM_Memoria:FSM|current_state.contador'
Slack : -1.000
TNS   : -14.000

Type  : Slow 1200mV 0C Model Minimum Pulse Width 'FSM_Memoria:FSM|current_state.memoria'
Slack : -1.000
TNS   : -8.000

Type  : Fast 1200mV 0C Model Setup 'FSM_Memoria:FSM|current_state.memoria'
Slack : -1.291
TNS   : -7.553

Type  : Fast 1200mV 0C Model Setup 'FSM_Memoria:FSM|current_state.contador'
Slack : -1.107
TNS   : -14.292

Type  : Fast 1200mV 0C Model Setup 'clk'
Slack : -0.372
TNS   : -0.868

Type  : Fast 1200mV 0C Model Hold 'clk'
Slack : 0.187
TNS   : 0.000

Type  : Fast 1200mV 0C Model Hold 'FSM_Memoria:FSM|current_state.contador'
Slack : 0.329
TNS   : 0.000

Type  : Fast 1200mV 0C Model Hold 'FSM_Memoria:FSM|current_state.memoria'
Slack : 0.937
TNS   : 0.000

Type  : Fast 1200mV 0C Model Recovery 'FSM_Memoria:FSM|current_state.contador'
Slack : 0.438
TNS   : 0.000

Type  : Fast 1200mV 0C Model Removal 'FSM_Memoria:FSM|current_state.contador'
Slack : 0.112
TNS   : 0.000

Type  : Fast 1200mV 0C Model Minimum Pulse Width 'clk'
Slack : -3.000
TNS   : -14.705

Type  : Fast 1200mV 0C Model Minimum Pulse Width 'FSM_Memoria:FSM|current_state.contador'
Slack : -1.000
TNS   : -14.000

Type  : Fast 1200mV 0C Model Minimum Pulse Width 'FSM_Memoria:FSM|current_state.memoria'
Slack : -1.000
TNS   : -8.000

------------------------------------------------------------
